[20:54:18] [Render thread/INFO] [JMLogger] JourneyMap log initialized.
[20:54:18] [Render thread/INFO] [JourneymapClient] initialize ENTER
[20:54:18] [Render thread/INFO] [ClientAPI] [ClientAPI] built with JourneyMap API 2.0.0
[20:54:18] [Render thread/INFO] [PluginHelper] Initialized IJourneyMapPlugin as:com.simibubi.create.compat.trainmap.JourneyTrainMap: for:create
[20:54:18] [Render thread/DEBUG] [JourneymapClient] Loading and Generating Journeymap configs
[20:54:18] [Render thread/WARN] [PropertiesBase] core (Initialized) Bad configField entry during updateFrom(): optionsManagerViewed=null
[20:54:18] [Render thread/WARN] [PropertiesBase] core (Initialized) Bad configField entry during updateFrom(): splashViewed=null
[20:54:18] [Render thread/INFO] [?] Version: JourneyMap 1.21.1-6.0.4, built with neoforge 0.116.7+1.21.1
neoforge: 21.1.248
Environment: os.name, os.arch, java.version, user.country, user.language=null, game language=en_us, locale=en_us
SP: : New World : 
MP: : offline : 
Features: 
	RadarPlayers : singleplayer = true , multiplayer = true
	RadarAnimals : singleplayer = true , multiplayer = true
	RadarMobs : singleplayer = true , multiplayer = true
	RadarVillagers : singleplayer = true , multiplayer = true
	MapTopo : singleplayer = true , multiplayer = true
	MapSurface : singleplayer = true , multiplayer = true
	MapCaves : singleplayer = true , multiplayer = true
	MapBiome : singleplayer = true , multiplayer = true
MiniMapProperties{state=Valid, file=journeymap.minimap.config, configVersion=6.0.4, infoSlotTimeFormat=HH:mm:ss, zoomLevel=512, compassFontScale=1.0, infoSlotFontScale=1.0, terrainAlpha=100, showEntityNames=false, showPassiveNames=false, positionX=0.9, positionY=0.25, effectVertical=false, showPlayerHeading=true, sizePercent=30, playerDisplayScale=1.0, showDayNight=true, showPets=true, showPlayerNames=true, preferredMapType=night, showCompass=true, showNpcNames=false, mobDisplay=jm.common.entity_display.dots_and_outlined_icons, showHostileNames=false, systemTimeRealFormat=HH:mm:ss, shape=jm.minimap.shape_circle, showSelf=true, showVillagerNames=false, selfDisplayScale=1.0, showGrid=true, reticleOrientation=jm.minimap.orientation.compass, minimapLockedMapType=jm.common.map_type.auto, effectTranslateX=0, info3LabelPosition=jm.minimap.info_slot.bottom, showWaypoints=true, info2LabelPosition=jm.minimap.info_slot.top, minimapKeyMovementSpeed=0.001, info1LabelPosition=jm.minimap.info_slot.top, showAnimals=true, infoSlotAlpha=0.7, effectTranslateY=0, showWaypointLabels=true, showAmbientNames=false, moveEffectIcons=true, showTeamNames=true, position=jm.minimap.position_topright, fontScale=1.0, info4LabelPosition=jm.minimap.info_slot.bottom, showPlayers=true, waypointIconScale=1.0, frameAlpha=100, effectReversed=false, backgroundAlpha=0.8, enabled=true, showVillagers=true, info2Label=jm.theme.labelsource.gametime, hudRenderLayer=jm.minimap.hud_render_layer_last, info3Label=jm.theme.labelsource.location, caveLayer=4, showMobs=true, waypointLabelScale=1.0, showReticle=true, orientation=jm.minimap.orientation.north, info4Label=jm.theme.labelsource.biome, locationFormat=xzyv, playerDisplay=jm.common.entity_display.outlined_icons, mobDisplayScale=1.0, showOffScreenPlayers=true, showCaves=true, hideEffectIcons=false, showMobHeading=true, locationFormatVerbose=true, showAmbientCreatures=false, showPetNames=false, info1Label=jm.theme.labelsource.blank, showNoIconNames=true}
MiniMapProperties{state=Valid, file=journeymap.minimap2.config, configVersion=6.0.4, infoSlotTimeFormat=HH:mm:ss, zoomLevel=512, compassFontScale=1.0, infoSlotFontScale=1.0, terrainAlpha=100, showEntityNames=false, showPassiveNames=false, positionX=0.9, positionY=0.25, effectVertical=false, showPlayerHeading=true, sizePercent=30, playerDisplayScale=1.0, showDayNight=true, showPets=true, showPlayerNames=true, preferredMapType=day, showCompass=true, showNpcNames=false, mobDisplay=jm.common.entity_display.dots_and_outlined_icons, showHostileNames=false, systemTimeRealFormat=HH:mm:ss, shape=jm.minimap.shape_rectangle, showSelf=true, showVillagerNames=false, selfDisplayScale=1.0, showGrid=true, reticleOrientation=jm.minimap.orientation.compass, minimapLockedMapType=jm.common.map_type.auto, effectTranslateX=0, info3LabelPosition=jm.minimap.info_slot.bottom, showWaypoints=true, info2LabelPosition=jm.minimap.info_slot.top, minimapKeyMovementSpeed=0.001, info1LabelPosition=jm.minimap.info_slot.top, showAnimals=true, infoSlotAlpha=0.7, effectTranslateY=0, showWaypointLabels=true, showAmbientNames=false, moveEffectIcons=true, showTeamNames=true, position=jm.minimap.position_topright, fontScale=1.0, info4LabelPosition=jm.minimap.info_slot.bottom, showPlayers=true, waypointIconScale=1.0, frameAlpha=100, effectReversed=false, backgroundAlpha=0.8, enabled=true, showVillagers=true, info2Label=jm.theme.labelsource.gametime, hudRenderLayer=jm.minimap.hud_render_layer_last, info3Label=jm.theme.labelsource.location, caveLayer=4, showMobs=true, waypointLabelScale=1.0, showReticle=true, orientation=jm.minimap.orientation.north, info4Label=jm.theme.labelsource.biome, locationFormat=xzyv, playerDisplay=jm.common.entity_display.outlined_icons, mobDisplayScale=1.0, showOffScreenPlayers=true, showCaves=true, hideEffectIcons=false, showMobHeading=true, locationFormatVerbose=true, showAmbientCreatures=false, showPetNames=false, info1Label=jm.theme.labelsource.blank, showNoIconNames=true}
FullMapProperties{state=Valid, file=journeymap.fullmap.config, configVersion=6.0.4, zoomLevel=512, minimalMode=false, showPlayers=true, waypointIconScale=1.0, showEntityNames=false, showPassiveNames=false, showPlayerHeading=true, showVillagers=true, showPlayerLoc=true, showKeys=true, playerDisplayScale=1.0, showMobs=true, showPets=true, waypointLabelScale=1.0, showPlayerNames=true, preferredMapType=day, showNpcNames=false, mobDisplay=jm.common.entity_display.dots_and_outlined_icons, showHostileNames=false, pauseGame=false, showSelf=true, locationFormat=xzyv, playerDisplay=jm.common.entity_display.outlined_icons, showVillagerNames=false, mobDisplayScale=1.0, selfDisplayScale=1.0, showOffScreenPlayers=true, showGrid=true, showMouseLoc=true, showWaypoints=true, showCaves=true, showThemeButton=true, showAnimals=true, showMobHeading=true, showWaypointLabels=true, locationFormatVerbose=true, showAmbientNames=false, showAmbientCreatures=false, showTeamNames=true, showPetNames=false, fontScale=1.0, showNoIconNames=true}
WaypointProperties{state=Valid, file=journeymap.waypoint.config, configVersion=6.0.4, autoRemoveDeathpointDistance=2, showPlayers=false, dateFormat=MM-dd-yyyy, autoHideIconAngle=5, autoRemoveDeathpoints=false, autoHideIcon=false, autoHideLabelAngle=5, renderWaypointsWorld=true, showLabelBackground=true, showDeleteConfirmation=true, managerDimensionFocus=false, fullscreenDoubleClickToCreate=true, minDistance=4, coordinatesFormat=XZY, boldLabel=false, disableShare=false, showDeathpointlabel=true, autoHideLabelVertical=true, textureSmall=true, useActionsButton=false, beaconEnabled=true, createDeathpoints=true, disableStrikeThrough=false, renderWaypointsMap=true, showName=true, autoHideLabelVerticalAngle=10, maxDistance=0, ignoreRenderDistance=false, autoHideLabel=true, autoRemoveTempWaypoints=2, teleportCommand=/execute in {dim} run tp {name} {x} {y} {z}, showStaticBeam=true, renderWaypoints=true, wholeNumberTeleportCoords=false, timeFormat=HH:mm:ss, shaderBeacon=false, showDistance=true, showRotatingBeam=true, fontScale=2.0, managerEnabled=true}
WebMapProperties{state=Valid, file=journeymap.webmap.config, configVersion=6.0.4, port=8080, enabled=false}
CoreProperties{state=Valid, file=journeymap.core.config, configVersion=6.0.4, maxPlayersData=32, mapSurfaceAboveCaves=true, dataCachingEnabled=true, maxAmbientCreaturesData=32, optionsManagerViewed=null, announceMod=true, ignoreSnow=false, colorPassive=#bbbbbb, colorPassiveLabel=#bbbbbb, mapShadows=true, mapBlendWater=true, playerIconFade=true, renderDistanceSurfaceMax=0, seedId=false, colorPetLabel=#0077ff, radarVerticalDistance=16, mapBlendGrass=true, recordCacheStats=false, hideSneakingEntities=true, initialSortOrder=Name, colorPlayerLabel=#ffffff, revealShape=jm.minimap.shape_circle, mapBiome=true, minimapPresetOverlay=true, caveShader=jm.common.map_filter.default, colorVillagerLabel=#88e188, alwaysMapSurface=false, biomeShader=jm.common.map_filter.default, colorVillager=#88e188, mapPlants=false, colorPet=#0077ff, sortDescending=true, radarLateralDistance=64, mapBathymetry=false, mapCrops=true, maxMobsData=32, dayShader=jm.common.map_filter.default, mapPlantShadows=false, alwaysMapCaves=false, checkUpdates=true, colorHostileLabel=#ff0000, mapBlendFoliage=true, netherSurfaceLighting=true, topoMax=0, hideSpectators=false, mappingEnabled=true, colorPlayer=#ffffff, cacheVillagersData=2000, minimapMapTypeOverlay=true, logLevel=INFO, maxVillagersData=32, mapWaterBiomeColors=true, maxAnimalsData=32, mapTransparency=true, caveBlackAsClear=false, caveModeThreshold=2, legacyIcons=false, netherShader=jm.common.map_filter.default, caveIgnoreGlass=true, mapTopography=true, renderDistanceCaveMax=0, mapAntialiasing=true, colorSelf=#0000ff, cachePlayersData=2000, mapOnlyPlayerChunk=false, nightShader=jm.common.map_filter.default, cacheMobsData=3000, drawStepUpdateRate=500, cachePlayerData=1000, splashViewed=null, colorHostile=#ff0000, topoShader=jm.common.map_filter.default, allowMiniMapBehindScreens=true, cacheAnimalsData=3000, ignoreHeightmaps=false, lodsEnabled=true, themeName=Purist, mapCaveLighting=true, renderDelay=500, mobIconFade=true, serverIp=false, glErrorChecking=false, autoMapPoll=2000}
[20:54:18] [Render thread/INFO] [JourneymapClient] initialize EXIT, elapsed count 1 avg 264.79ms
[20:54:27] [Render thread/INFO] [JourneymapClientNeoForge] Journeymap PostInit
[20:54:27] [Render thread/DEBUG] [JourneymapClient] postInitialize ENTER
[20:54:27] [Render thread/TRACE] [ThemeLoader] Initializing themes ...
[20:54:27] [Render thread/INFO] [NeoForgeHooks] ModFileLocation:file:/C:/Users/jackc/curseforge/minecraft/Instances/Vindicterra%20Modded/mods/journeymap-neoforge-1.21.1-6.0.4.jar
[20:54:27] [Render thread/DEBUG] [FileHandler] ZipFilePath:C:/Users/jackc/curseforge/minecraft/Instances/Vindicterra Modded/mods/journeymap-neoforge-1.21.1-6.0.4.jar zipEntryName:assets/journeymap/theme/victorian_ destDir:C:\Users\jackc\curseforge\minecraft\Instances\Vindicterra Modded\journeymap\icon\theme\victorian_ overWrite:true fromPath:C:/Users/jackc/curseforge/minecraft/Instances/Vindicterra Modded/mods/journeymap-neoforge-1.21.1-6.0.4.jar
[20:54:27] [Render thread/INFO] [NeoForgeHooks] ModFileLocation:file:/C:/Users/jackc/curseforge/minecraft/Instances/Vindicterra%20Modded/mods/journeymap-neoforge-1.21.1-6.0.4.jar
[20:54:27] [Render thread/DEBUG] [FileHandler] ZipFilePath:C:/Users/jackc/curseforge/minecraft/Instances/Vindicterra Modded/mods/journeymap-neoforge-1.21.1-6.0.4.jar zipEntryName:assets/journeymap/theme/flat destDir:C:\Users\jackc\curseforge\minecraft\Instances\Vindicterra Modded\journeymap\icon\theme\flat overWrite:true fromPath:C:/Users/jackc/curseforge/minecraft/Instances/Vindicterra Modded/mods/journeymap-neoforge-1.21.1-6.0.4.jar
[20:54:27] [Render thread/INFO] [NeoForgeHooks] ModFileLocation:file:/C:/Users/jackc/curseforge/minecraft/Instances/Vindicterra%20Modded/mods/journeymap-neoforge-1.21.1-6.0.4.jar
[20:54:27] [Render thread/DEBUG] [FileHandler] ZipFilePath:C:/Users/jackc/curseforge/minecraft/Instances/Vindicterra Modded/mods/journeymap-neoforge-1.21.1-6.0.4.jar zipEntryName:assets/journeymap/theme/vault_flat destDir:C:\Users\jackc\curseforge\minecraft\Instances\Vindicterra Modded\journeymap\icon\theme\vault_flat overWrite:true fromPath:C:/Users/jackc/curseforge/minecraft/Instances/Vindicterra Modded/mods/journeymap-neoforge-1.21.1-6.0.4.jar
[20:54:27] [Render thread/INFO] [NeoForgeHooks] ModFileLocation:file:/C:/Users/jackc/curseforge/minecraft/Instances/Vindicterra%20Modded/mods/journeymap-neoforge-1.21.1-6.0.4.jar
[20:54:27] [Render thread/DEBUG] [FileHandler] ZipFilePath:C:/Users/jackc/curseforge/minecraft/Instances/Vindicterra Modded/mods/journeymap-neoforge-1.21.1-6.0.4.jar zipEntryName:assets/journeymap/theme/vault destDir:C:\Users\jackc\curseforge\minecraft\Instances\Vindicterra Modded\journeymap\icon\theme\vault overWrite:true fromPath:C:/Users/jackc/curseforge/minecraft/Instances/Vindicterra Modded/mods/journeymap-neoforge-1.21.1-6.0.4.jar
[20:54:28] [Render thread/INFO] [ThemeLoader] Preloaded theme textures: 73
[20:54:28] [Render thread/DEBUG] [StatTimer] elapsed was slow: 1158.3409
[20:54:28] [Render thread/INFO] [JourneymapClient] postInitialize EXIT, elapsed count 1 avg 1158.34ms
[20:54:32] [Render thread/INFO] [ColorPalette] Color palette file generated for 0 blockstates in 5ms for: Default Palette
[20:56:33] [Render thread/INFO] [PlayerConnectHandler] onDisconnect: world is null
[20:56:34] [Server thread/INFO] [NeoForgeConfig] Loading JourneyMap Forge Configs
[20:56:36] [Server thread/INFO] [PluginHelper] Found @JourneyMapPlugin: journeymap.api.plugins.LoadedChunkOverlayPlugin
[20:56:36] [Server thread/INFO] [PluginHelper] Initialized IJourneyMapPlugin as:journeymap.api.plugins.LoadedChunkOverlayPlugin: for:journeymap_chunk_overlay
[20:56:43] [Render thread/INFO] [InternalStateHandler] Connection initiated with Journeymap Server: true
[20:56:43] [Render thread/INFO] [InternalStateHandler] Teleport Enabled: false
[20:56:43] [Render thread/INFO] [InternalStateHandler] Expanded Radar Enabled: true
[20:56:43] [Render thread/INFO] [InternalStateHandler] Server Admin Enabled: false
[20:56:43] [Render thread/INFO] [InternalStateHandler] Server set show in-game beacons: true
[20:56:43] [Render thread/INFO] [InternalStateHandler] Server set waypoints allowed: true
[20:56:43] [Render thread/INFO] [InternalStateHandler] Server set Server Admin read only mode: true
[20:56:43] [Render thread/INFO] [InternalStateHandler] Server set maxSurfaceRenderDistance to: 0
[20:56:43] [Render thread/INFO] [InternalStateHandler] Server setmaxCaveRenderDistance to: 0
[20:56:43] [Render thread/INFO] [InternalStateHandler] Server set allow mutliplayer options: true
[20:56:43] [Render thread/INFO] [InternalStateHandler] Server set waypointTeleportOnly: false
[20:56:43] [Render thread/INFO] [InternalStateHandler] Server set globalWaypointsOnly: false
[20:56:43] [Render thread/INFO] [InternalStateHandler] Server set allow radarLateralDistance options: 512
[20:56:43] [Render thread/INFO] [InternalStateHandler] Server set allow radarVerticalDistance options: 320
[20:56:43] [Render thread/INFO] [InternalStateHandler] Server set allow maxAnimalsData options: 128
[20:56:43] [Render thread/INFO] [InternalStateHandler] Server set allow maxAmbientCreaturesData options: 128
[20:56:43] [Render thread/INFO] [InternalStateHandler] Server set allow maxMobsData options: 128
[20:56:43] [Render thread/INFO] [InternalStateHandler] Server set allow maxPlayersData options: 128
[20:56:43] [Render thread/INFO] [InternalStateHandler] Server set allow maxVillagersData options: 128
[20:56:43] [Render thread/INFO] [InternalStateHandler] Server set allow playerRadarNamesEnabled options: true
[20:56:43] [Render thread/INFO] [InternalStateHandler] Server set allow minimapEnabled options: true
[20:56:43] [Render thread/INFO] [InternalStateHandler] Server set allow hideCoordinates options: false
[20:56:43] [Render thread/INFO] [InternalStateHandler] Connection initiated with Journeymap Server: true
[20:56:43] [Render thread/INFO] [InternalStateHandler] Teleport Enabled: false
[20:56:43] [Render thread/INFO] [InternalStateHandler] Expanded Radar Enabled: true
[20:56:43] [Render thread/INFO] [InternalStateHandler] Server Admin Enabled: false
[20:56:43] [Render thread/INFO] [InternalStateHandler] Server set show in-game beacons: true
[20:56:43] [Render thread/INFO] [InternalStateHandler] Server set waypoints allowed: true
[20:56:43] [Render thread/INFO] [InternalStateHandler] Server set Server Admin read only mode: true
[20:56:43] [Render thread/INFO] [InternalStateHandler] Server set maxSurfaceRenderDistance to: 0
[20:56:43] [Render thread/INFO] [InternalStateHandler] Server setmaxCaveRenderDistance to: 0
[20:56:43] [Render thread/INFO] [InternalStateHandler] Server set allow mutliplayer options: true
[20:56:43] [Render thread/INFO] [InternalStateHandler] Server set waypointTeleportOnly: false
[20:56:43] [Render thread/INFO] [InternalStateHandler] Server set globalWaypointsOnly: false
[20:56:43] [Render thread/INFO] [InternalStateHandler] Server set allow radarLateralDistance options: 512
[20:56:43] [Render thread/INFO] [InternalStateHandler] Server set allow radarVerticalDistance options: 320
[20:56:43] [Render thread/INFO] [InternalStateHandler] Server set allow maxAnimalsData options: 128
[20:56:43] [Render thread/INFO] [InternalStateHandler] Server set allow maxAmbientCreaturesData options: 128
[20:56:43] [Render thread/INFO] [InternalStateHandler] Server set allow maxMobsData options: 128
[20:56:43] [Render thread/INFO] [InternalStateHandler] Server set allow maxPlayersData options: 128
[20:56:43] [Render thread/INFO] [InternalStateHandler] Server set allow maxVillagersData options: 128
[20:56:43] [Render thread/INFO] [InternalStateHandler] Server set allow playerRadarNamesEnabled options: true
[20:56:43] [Render thread/INFO] [InternalStateHandler] Server set allow minimapEnabled options: true
[20:56:43] [Render thread/INFO] [InternalStateHandler] Server set allow hideCoordinates options: false
[20:56:44] [Render thread/WARN] [PropertiesBase] core (Initialized) Bad configField entry during updateFrom(): optionsManagerViewed=null
[20:56:44] [Render thread/WARN] [PropertiesBase] core (Initialized) Bad configField entry during updateFrom(): splashViewed=null
[20:56:44] [Render thread/INFO] [ModBlockDelegate] Custom modded block handling enabled for create
[20:56:44] [Render thread/INFO] [WaypointGroupStore] Loaded 0 waypoint groups from disk.
[20:56:44] [Render thread/INFO] [WaypointHandler] WaypointBackend selected: Server (was=null, shouldBeRemote=true, isJMServer=true, serverManagedWP=true, isServerManagedWaypointConnection=true, hasSingleplayerServer=true)
[20:56:44] [Render thread/INFO] [LegacyWaypointFileMigrator] 0 Legacy waypoints found that need to be migrated and backed up.
[20:56:44] [Render thread/INFO] [ColorPalette] Color palette file generated for 0 blockstates in 1ms for: C:\Users\jackc\curseforge\minecraft\Instances\Vindicterra Modded\journeymap\colorpalette.json
[20:56:44] [Render thread/INFO] [ColorPalette] Color palette file generated for 0 blockstates in 1ms for: C:\Users\jackc\curseforge\minecraft\Instances\Vindicterra Modded\journeymap\data\sp\New World\colorpalette.json
[20:56:44] [Render thread/INFO] [JourneymapClient] Mapping started in C:\Users\jackc\curseforge\minecraft\Instances\Vindicterra Modded\journeymap\data\sp\New World\overworld. Memory: 5112MB total, 1652MB free 
[20:56:44] [Render thread/INFO] [JMChunkCache] JMChunkCache: opened at C:\Users\jackc\curseforge\minecraft\Instances\Vindicterra Modded\journeymap\data\sp\New World\overworld\chunk_cache
[20:56:44] [Render thread/INFO] [ChatLog] JourneyMap: Press [J]
[20:56:44] [Render thread/INFO] [InternalStateHandler] Connection initiated with Journeymap Server: true
[20:56:44] [Render thread/INFO] [InternalStateHandler] Teleport Enabled: false
[20:56:44] [Render thread/INFO] [InternalStateHandler] Expanded Radar Enabled: true
[20:56:44] [Render thread/INFO] [InternalStateHandler] Server Admin Enabled: false
[20:56:44] [Render thread/INFO] [InternalStateHandler] Server set show in-game beacons: true
[20:56:44] [Render thread/INFO] [InternalStateHandler] Server set waypoints allowed: true
[20:56:44] [Render thread/INFO] [InternalStateHandler] Server set Server Admin read only mode: true
[20:56:44] [Render thread/INFO] [InternalStateHandler] Server set maxSurfaceRenderDistance to: 0
[20:56:44] [Render thread/INFO] [InternalStateHandler] Server setmaxCaveRenderDistance to: 0
[20:56:44] [Render thread/INFO] [InternalStateHandler] Server set allow mutliplayer options: true
[20:56:44] [Render thread/INFO] [InternalStateHandler] Server set waypointTeleportOnly: false
[20:56:44] [Render thread/INFO] [InternalStateHandler] Server set globalWaypointsOnly: false
[20:56:44] [Render thread/INFO] [InternalStateHandler] Server set allow radarLateralDistance options: 512
[20:56:44] [Render thread/INFO] [InternalStateHandler] Server set allow radarVerticalDistance options: 320
[20:56:44] [Render thread/INFO] [InternalStateHandler] Server set allow maxAnimalsData options: 128
[20:56:44] [Render thread/INFO] [InternalStateHandler] Server set allow maxAmbientCreaturesData options: 128
[20:56:44] [Render thread/INFO] [InternalStateHandler] Server set allow maxMobsData options: 128
[20:56:44] [Render thread/INFO] [InternalStateHandler] Server set allow maxPlayersData options: 128
[20:56:44] [Render thread/INFO] [InternalStateHandler] Server set allow maxVillagersData options: 128
[20:56:44] [Render thread/INFO] [InternalStateHandler] Server set allow playerRadarNamesEnabled options: true
[20:56:44] [Render thread/INFO] [InternalStateHandler] Server set allow minimapEnabled options: true
[20:56:44] [Render thread/INFO] [InternalStateHandler] Server set allow hideCoordinates options: false
[21:01:19] [Render thread/INFO] [TextureCache] [JourneyMap]: Purging Theme Images
[21:01:19] [Render thread/INFO] [TextureCache] [JourneyMap]: Purging Region Images
[21:01:19] [Render thread/INFO] [TextureCache] [JourneyMap]: Purging Mob Icon Images
[21:01:19] [Render thread/INFO] [WaypointGroupStore] Loaded 0 waypoint groups from disk.
[21:01:19] [Render thread/INFO] [WaypointHandler] WaypointBackend selected: Server (was=null, shouldBeRemote=true, isJMServer=true, serverManagedWP=true, isServerManagedWaypointConnection=true, hasSingleplayerServer=false)
[21:01:19] [Render thread/INFO] [WaypointStore] Loaded 0 waypoints from disk.
[21:01:19] [Render thread/INFO] [LegacyWaypointFileMigrator] 0 Legacy waypoints found that need to be migrated and backed up.
[21:01:19] [Render thread/INFO] [JourneymapClient] Mapping halted in C:\Users\jackc\curseforge\minecraft\Instances\Vindicterra Modded\journeymap\data\mp\offline\minecraft:overworld
[21:01:19] [Render thread/INFO] [JourneymapClient] Mapping halted in C:\Users\jackc\curseforge\minecraft\Instances\Vindicterra Modded\journeymap\data\mp\offline\minecraft:overworld
[21:01:19] [Render thread/INFO] [WaypointHandler] WaypointBackend selected: Client (was=Server, shouldBeRemote=false, isJMServer=false, serverManagedWP=false, isServerManagedWaypointConnection=false, hasSingleplayerServer=false)
[21:01:22] [Render thread/INFO] [PlayerConnectHandler] onDisconnect: world is null
